// Jest Snapshot v1, https://goo.gl/fbAQLP

exports[`ParticipantAvatarView Component. Matches snapshot. 1`] = `
<div
  className="foobar__avatar"
>
  <img
    alt="fozbaz-1"
    src="https://api.adorable.io/avatars/480/fozbaz-1"
  />
</div>
`;
