// Jest Snapshot v1, https://goo.gl/fbAQLP

exports[`AppDevTools Component. Matches snapshot. 1`] = `null`;
