// Jest Snapshot v1, https://goo.gl/fbAQLP

exports[`TournamentTitle Component. Matches snapshot. 1`] = `
<h1>
  tournamentView.name
   Tournament
</h1>
`;
