// Jest Snapshot v1, https://goo.gl/fbAQLP

exports[`LanguageOption Component. Matches snapshot. 1`] = `
<button
  className="speed-control__option button-primary"
  onClick={[Function]}
>
  en
</button>
`;
