// Jest Snapshot v1, https://goo.gl/fbAQLP

exports[`RoundTitle Component. Roundes snapshot. 1`] = `
<h2>
  Round 
  1
</h2>
`;
