// Jest Snapshot v1, https://goo.gl/fbAQLP

exports[`WinnerOverlayView Component. Matches snapshot. 1`] = `
<div
  className="foobar"
>
  <div
    className="foobar__winner"
  >
    <div
      className="participant participant-card"
    >
      <div
        className="participant-card__avatar"
      >
        <img
          alt="barfoo-0"
          src="foobar-0"
        />
      </div>
      <div
        className="participant-card__name"
      >
        <strong>
          Fozbaz 0
        </strong>
      </div>
    </div>
    <h3>
      Won The Giveaway!
    </h3>
  </div>
</div>
`;
