// Jest Snapshot v1, https://goo.gl/fbAQLP

exports[`SpeedOption Component. Matches snapshot. 1`] = `
<button
  className="foobar__option button-primary"
  onClick={[Function]}
>
  1x
</button>
`;
