// Jest Snapshot v1, https://goo.gl/fbAQLP

exports[`TournamentView Component. Matches snapshot. 1`] = `
<div
  className="tournament"
>
  <h1>
    Foobar Giveaway
     Tournament
  </h1>
  <div
    className="speed-control"
  >
    <button
      className="speed-control__option button-primary"
      onClick={[Function]}
    >
      1x
    </button>
    <button
      className="speed-control__option"
      onClick={[Function]}
    >
      2x
    </button>
    <button
      className="speed-control__option"
      onClick={[Function]}
    >
      3x
    </button>
    <button
      className="speed-control__option"
      onClick={[Function]}
    >
      4x
    </button>
    <button
      className="speed-control__option"
      onClick={[Function]}
    >
      5x
    </button>
  </div>
  <div
    classNames={
      Object {
        "enter": "",
        "enterActive": "round--entering",
        "enterDone": "round--entered",
        "exit": "",
        "exitActive": "round--exiting",
        "exitDone": "round--exited",
      }
    }
    in={false}
    mountOnEnter={true}
    timeout={500}
    unmountOnExit={true}
  >
    <div
      classNames={
        Object {
          "enter": "",
          "enterActive": "round--entering",
          "enterDone": "round--entered",
          "exit": "",
          "exitActive": "round--exiting",
          "exitDone": "round--exited",
        }
      }
      in={false}
      mountOnEnter={true}
      timeout={500}
      unmountOnExit={true}
    >
      <div
        className="round"
        style={
          Object {
            "transition": "opacity 500ms ease-in-out",
          }
        }
      >
        <h2>
          Round 
          1
        </h2>
        <div
          className="round__list"
        >
          <div
            classNames={
              Object {
                "enter": "",
                "enterActive": "match--entering",
                "enterDone": "match--entered",
                "exit": "",
                "exitActive": "match--exiting",
                "exitDone": "match--exited",
              }
            }
            in={false}
            mountOnEnter={true}
            onEntering={[Function]}
            onExited={[Function]}
            timeout={500}
            unmountOnExit={true}
          >
            <div
              className="match"
              style={
                Object {
                  "transition": "opacity 500ms ease-in-out",
                }
              }
            >
              <div
                className="match__list"
              >
                <div
                  className="participant participant-entry"
                >
                  <div
                    className="participant-entry__avatar"
                  >
                    <img
                      alt="fozbaz-1"
                      src="https://api.adorable.io/avatars/480/fozbaz-1"
                    />
                  </div>
                  <div
                    className="participant-entry__name"
                  >
                    <strong>
                      Fozbaz 1
                    </strong>
                  </div>
                </div>
                <div
                  className="participant participant-entry"
                >
                  <div
                    className="participant-entry__avatar"
                  >
                    <img
                      alt="fozbaz-2"
                      src="https://api.adorable.io/avatars/480/fozbaz-2"
                    />
                  </div>
                  <div
                    className="participant-entry__name"
                  >
                    <strong>
                      Fozbaz 2
                    </strong>
                  </div>
                </div>
              </div>
              <div
                classNames={
                  Object {
                    "enter": "",
                    "enterActive": "match__interim--entering",
                    "enterDone": "match__interim--entered",
                    "exit": "",
                    "exitActive": "match__interim--exiting",
                    "exitDone": "match__interim--exited",
                  }
                }
                in={false}
                mountOnEnter={true}
                onEntered={[Function]}
                onExited={[Function]}
                timeout={200}
                unmountOnExit={true}
              >
                <div
                  className="match__interim"
                  style={
                    Object {
                      "transition": "opacity 200ms ease-in-out",
                    }
                  }
                >
                  <div
                    className="participant participant-entry"
                  >
                    <div
                      className="participant-entry__avatar"
                    >
                      <img
                        alt="fozbaz-1"
                        src="https://api.adorable.io/avatars/480/fozbaz-1"
                      />
                    </div>
                    <div
                      className="participant-entry__name"
                    >
                      <strong>
                        Fozbaz 1
                      </strong>
                    </div>
                  </div>
                </div>
              </div>
              <div
                classNames={
                  Object {
                    "enter": "",
                    "enterActive": "match__interim--entering",
                    "enterDone": "match__interim--entered",
                    "exit": "",
                    "exitActive": "match__interim--exiting",
                    "exitDone": "match__interim--exited",
                  }
                }
                in={false}
                mountOnEnter={true}
                onEntered={[Function]}
                onExited={[Function]}
                timeout={200}
                unmountOnExit={true}
              >
                <div
                  className="match__interim"
                  style={
                    Object {
                      "transition": "opacity 200ms ease-in-out",
                    }
                  }
                >
                  <div
                    className="participant participant-entry"
                  >
                    <div
                      className="participant-entry__avatar"
                    >
                      <img
                        alt="fozbaz-2"
                        src="https://api.adorable.io/avatars/480/fozbaz-2"
                      />
                    </div>
                    <div
                      className="participant-entry__name"
                    >
                      <strong>
                        Fozbaz 2
                      </strong>
                    </div>
                  </div>
                </div>
              </div>
              <div
                classNames={
                  Object {
                    "enter": "",
                    "enterActive": "match-overlay-wrapper--entering",
                    "enterDone": "match-overlay-wrapper--entered",
                    "exit": "",
                    "exitActive": "match-overlay-wrapper--exiting",
                    "exitDone": "match-overlay-wrapper--exited",
                  }
                }
                in={false}
                mountOnEnter={true}
                onExited={[Function]}
                timeout={500}
                unmountOnExit={true}
              >
                <div
                  className="match-overlay-wrapper"
                  style={
                    Object {
                      "transition": "opacity 500ms ease-in-out",
                    }
                  }
                >
                  <div
                    className="match-overlay"
                  >
                    <div
                      className="match-overlay__list"
                    >
                      <div>
                        <div
                          className="participant participant-card participant--invert"
                        >
                          <div
                            className="participant-card__avatar"
                          >
                            <img
                              alt="fozbaz-1"
                              src="https://api.adorable.io/avatars/480/fozbaz-1"
                            />
                          </div>
                          <div
                            className="participant-card__name"
                          >
                            <strong>
                              Fozbaz 1
                            </strong>
                          </div>
                        </div>
                      </div>
                      <h3
                        className="versus-text"
                      >
                        VS
                      </h3>
                      <div>
                        <div
                          className="participant participant-card participant--invert"
                        >
                          <div
                            className="participant-card__avatar"
                          >
                            <img
                              alt="fozbaz-2"
                              src="https://api.adorable.io/avatars/480/fozbaz-2"
                            />
                          </div>
                          <div
                            className="participant-card__name"
                          >
                            <strong>
                              Fozbaz 2
                            </strong>
                          </div>
                        </div>
                      </div>
                    </div>
                    <div
                      classNames={
                        Object {
                          "enter": "",
                          "enterActive": "match-overlay__interim--entering",
                          "enterDone": "match-overlay__interim--entered",
                          "exit": "",
                          "exitActive": "match-overlay__interim--exiting",
                          "exitDone": "match-overlay__interim--exited",
                        }
                      }
                      in={false}
                      mountOnEnter={true}
                      onEntered={[Function]}
                      onExited={[Function]}
                      timeout={500}
                      unmountOnExit={true}
                    >
                      <div
                        className="match-overlay__interim"
                        style={
                          Object {
                            "transition": "opacity 500ms ease-in-out",
                          }
                        }
                      >
                        <h3>
                          Selecting Winner
                        </h3>
                        <div
                          className="css-yd6m5-style"
                        />
                      </div>
                    </div>
                    <div
                      classNames={
                        Object {
                          "enter": "",
                          "enterActive": "match-overlay__winner--entering",
                          "enterDone": "match-overlay__winner--entered",
                          "exit": "",
                          "exitActive": "match-overlay__winner--exiting",
                          "exitDone": "match-overlay__winner--exited",
                        }
                      }
                      in={false}
                      mountOnEnter={true}
                      onEntered={[Function]}
                      timeout={500}
                      unmountOnExit={true}
                    >
                      <div
                        className="match-overlay__winner"
                        style={
                          Object {
                            "transition": "opacity 500ms ease-in-out",
                          }
                        }
                      >
                        <div
                          className="participant participant-entry"
                        >
                          <div
                            className="participant-entry__avatar"
                          >
                            <img
                              alt="fozbaz-1"
                              src="https://api.adorable.io/avatars/480/fozbaz-1"
                            />
                          </div>
                          <div
                            className="participant-entry__name"
                          >
                            <strong>
                              Fozbaz 1
                            </strong>
                          </div>
                        </div>
                        <h3>
                          Won The Match!
                        </h3>
                        <h5>
                          <strong>
                            <em>
                              formatted foobar message
                            </em>
                          </strong>
                        </h5>
                      </div>
                    </div>
                  </div>
                </div>
              </div>
            </div>
          </div>
        </div>
      </div>
    </div>
  </div>
  <div
    classNames={
      Object {
        "enter": "",
        "enterActive": "winner-overlay-wrapper--entering",
        "enterDone": "winner-overlay-wrapper--entered",
        "exit": "",
        "exitActive": "winner-overlay-wrapper--exiting",
        "exitDone": "winner-overlay-wrapper--exited",
      }
    }
    in={false}
    mountOnEnter={true}
    timeout={500}
    unmountOnExit={true}
  >
    <div
      className="winner-overlay-wrapper"
      style={
        Object {
          "transition": "opacity 500ms ease-in-out",
        }
      }
    >
      <div
        className="winner-overlay"
      >
        <div
          className="winner-overlay__winner"
        >
          <div
            className="participant participant-card"
          >
            <div
              className="participant-card__avatar"
            >
              <img
                alt="fozbaz-1"
                src="https://api.adorable.io/avatars/480/fozbaz-1"
              />
            </div>
            <div
              className="participant-card__name"
            >
              <strong>
                Fozbaz 1
              </strong>
            </div>
          </div>
          <h3>
            Won The Giveaway!
          </h3>
        </div>
      </div>
    </div>
  </div>
</div>
`;
